1.279: [GC 1.279: [ParNew: 209792K->21735K(235968K), 0.0345075 secs] 209792K->21735K(1022400K), 0.0346228 secs] [Times: user=0.06 sys=0.00, real=0.03 secs] 
4.021: [GC 4.021: [ParNew: 231527K->26176K(235968K), 0.1122073 secs] 231527K->48580K(1022400K), 0.1123116 secs] [Times: user=0.44 sys=0.00, real=0.11 secs] 
5.361: [GC 5.361: [ParNew: 235968K->26176K(235968K), 0.0592959 secs] 258372K->72685K(1022400K), 0.0593989 secs] [Times: user=0.20 sys=0.00, real=0.06 secs] 
5.911: [GC 5.911: [ParNew: 235968K->11021K(235968K), 0.0324155 secs] 282477K->71586K(1022400K), 0.0325197 secs] [Times: user=0.11 sys=0.02, real=0.03 secs] 
6.336: [GC 6.336: [ParNew: 220813K->8882K(235968K), 0.0087486 secs] 281378K->69447K(1022400K), 0.0088512 secs] [Times: user=0.05 sys=0.00, real=0.01 secs] 
6.859: [GC 6.859: [ParNew: 218674K->12016K(235968K), 0.0121502 secs] 279239K->72581K(1022400K), 0.0122310 secs] [Times: user=0.06 sys=0.00, real=0.01 secs] 
8.385: [GC 8.385: [ParNew: 221808K->26176K(235968K), 0.0293185 secs] 282373K->87388K(1022400K), 0.0293883 secs] [Times: user=0.08 sys=0.00, real=0.03 secs] 
9.107: [GC 9.107: [ParNew: 235968K->19250K(235968K), 0.0464868 secs] 297180K->102138K(1022400K), 0.0465570 secs] [Times: user=0.16 sys=0.03, real=0.05 secs] 
10.326: [GC 10.326: [ParNew: 229042K->26176K(235968K), 0.0346823 secs] 311930K->113721K(1022400K), 0.0347501 secs] [Times: user=0.13 sys=0.00, real=0.03 secs] 
11.266: [GC 11.266: [ParNew: 235968K->26176K(235968K), 0.0786400 secs] 323513K->140997K(1022400K), 0.0787044 secs] [Times: user=0.23 sys=0.00, real=0.08 secs] 
11.948: [GC 11.948: [ParNew: 235968K->22502K(235968K), 0.0456473 secs] 350789K->158473K(1022400K), 0.0457216 secs] [Times: user=0.17 sys=0.02, real=0.05 secs] 
12.730: [GC 12.730: [ParNew: 232294K->15306K(235968K), 0.0105836 secs] 368265K->151276K(1022400K), 0.0106448 secs] [Times: user=0.06 sys=0.00, real=0.01 secs] 
13.466: [GC 13.466: [ParNew: 224938K->26176K(235968K), 0.0321055 secs] 360908K->165667K(1022400K), 0.0321634 secs] [Times: user=0.08 sys=0.00, real=0.03 secs] 
14.450: [GC 14.450: [ParNew: 235968K->21916K(235968K), 0.0458719 secs] 375459K->180474K(1022400K), 0.0459392 secs] [Times: user=0.13 sys=0.00, real=0.05 secs] 
15.701: [GC 15.701: [ParNew: 231708K->26176K(235968K), 0.0303785 secs] 390266K->185669K(1022400K), 0.0304409 secs] [Times: user=0.13 sys=0.00, real=0.03 secs] 
16.248: [GC 16.248: [ParNew: 235968K->26176K(235968K), 0.0766202 secs] 395461K->216705K(1022400K), 0.0766847 secs] [Times: user=0.26 sys=0.00, real=0.08 secs] 
17.002: [GC 17.002: [ParNew: 235968K->26176K(235968K), 0.0829016 secs] 426497K->251162K(1022400K), 0.0829709 secs] [Times: user=0.30 sys=0.02, real=0.08 secs] 
18.376: [GC 18.376: [ParNew: 235968K->26176K(235968K), 0.0671848 secs] 460954K->274778K(1022400K), 0.0672513 secs] [Times: user=0.27 sys=0.00, real=0.07 secs] 
19.824: [GC 19.824: [ParNew: 235968K->24290K(235968K), 0.0754896 secs] 484570K->296161K(1022400K), 0.0755582 secs] [Times: user=0.30 sys=0.02, real=0.08 secs] 
21.467: [GC 21.467: [ParNew: 234082K->26176K(235968K), 0.0765742 secs] 505953K->318137K(1022400K), 0.0766370 secs] [Times: user=0.31 sys=0.00, real=0.08 secs] 
22.497: [GC 22.497: [ParNew: 235968K->23407K(235968K), 0.0308731 secs] 527929K->326072K(1022400K), 0.0309392 secs] [Times: user=0.13 sys=0.00, real=0.03 secs] 
23.523: [GC 23.523: [ParNew: 233199K->26176K(235968K), 0.0285369 secs] 535864K->329237K(1022400K), 0.0286025 secs] [Times: user=0.12 sys=0.00, real=0.03 secs] 
25.023: [GC 25.023: [ParNew: 235968K->20420K(235968K), 0.0506799 secs] 539029K->348033K(1022400K), 0.0507480 secs] [Times: user=0.20 sys=0.00, real=0.05 secs] 
26.674: [GC 26.674: [ParNew: 230211K->14171K(235968K), 0.0163551 secs] 557823K->341784K(1022400K), 0.0164187 secs] [Times: user=0.06 sys=0.00, real=0.02 secs] 
27.366: [GC 27.367: [ParNew: 223963K->16743K(235968K), 0.0159590 secs] 551576K->344355K(1022400K), 0.0160197 secs] [Times: user=0.06 sys=0.00, real=0.02 secs] 
28.886: [GC 28.887: [ParNew: 226535K->14715K(235968K), 0.0169779 secs] 554147K->342328K(1022400K), 0.0170419 secs] [Times: user=0.06 sys=0.00, real=0.02 secs] 
30.972: [GC 30.972: [ParNew: 224507K->18562K(235968K), 0.0229485 secs] 552120K->350123K(1022400K), 0.0230129 secs] [Times: user=0.06 sys=0.00, real=0.02 secs] 
32.993: [GC 32.993: [ParNew: 228354K->16584K(235968K), 0.0207555 secs] 559915K->353557K(1022400K), 0.0208220 secs] [Times: user=0.08 sys=0.00, real=0.02 secs] 
34.748: [GC 34.748: [ParNew: 226376K->19932K(235968K), 0.0181101 secs] 563349K->358535K(1022400K), 0.0181729 secs] [Times: user=0.06 sys=0.00, real=0.02 secs] 
36.340: [GC 36.340: [ParNew: 229724K->16919K(235968K), 0.0199701 secs] 568327K->361424K(1022400K), 0.0200379 secs] [Times: user=0.06 sys=0.00, real=0.02 secs] 
39.346: [GC 39.346: [ParNew: 226711K->17006K(235968K), 0.0120972 secs] 571216K->361512K(1022400K), 0.0121616 secs] [Times: user=0.00 sys=0.00, real=0.01 secs] 
41.586: [GC 41.586: [ParNew: 226798K->14395K(235968K), 0.0167471 secs] 571304K->359796K(1022400K), 0.0168026 secs] [Times: user=0.03 sys=0.00, real=0.02 secs] 
42.638: [GC 42.638: [ParNew: 224187K->26176K(235968K), 0.0457931 secs] 569588K->383719K(1022400K), 0.0458596 secs] [Times: user=0.13 sys=0.00, real=0.04 secs] 
43.207: [GC 43.207: [ParNew: 235968K->26176K(235968K), 0.0796851 secs] 593511K->413046K(1022400K), 0.0797595 secs] [Times: user=0.16 sys=0.00, real=0.08 secs] 
43.880: [GC 43.880: [ParNew: 235968K->26176K(235968K), 0.0477102 secs] 622838K->427883K(1022400K), 0.0477816 secs] [Times: user=0.17 sys=0.02, real=0.05 secs] 
43.928: [GC [1 CMS-initial-mark: 401707K(786432K)] 429508K(1022400K), 0.0244579 secs] [Times: user=0.03 sys=0.00, real=0.02 secs] 
43.952: [CMS-concurrent-mark-start]
44.384: [CMS-concurrent-mark: 0.430/0.431 secs] [Times: user=1.12 sys=0.00, real=0.43 secs] 
44.384: [CMS-concurrent-preclean-start]
44.388: [CMS-concurrent-preclean: 0.005/0.005 secs] [Times: user=0.05 sys=0.00, real=0.01 secs] 
44.388: [CMS-concurrent-abortable-preclean-start]
44.513: [GC 44.513: [ParNew: 235968K->24494K(235968K), 0.0592815 secs] 637675K->447828K(1022400K), 0.0593455 secs] [Times: user=0.19 sys=0.02, real=0.06 secs] 
44.928: [CMS-concurrent-abortable-preclean: 0.404/0.540 secs] [Times: user=1.40 sys=0.08, real=0.54 secs] 
44.928: [GC[YG occupancy: 169384 K (235968 K)]44.928: [Rescan (parallel) , 0.0507603 secs]44.979: [weak refs processing, 0.0003362 secs] [1 CMS-remark: 423334K(786432K)] 592718K(1022400K), 0.0512041 secs] [Times: user=0.25 sys=0.00, real=0.05 secs] 
44.980: [CMS-concurrent-sweep-start]
45.186: [GC 45.186: [ParNew: 234286K->26176K(235968K), 0.0541886 secs] 530029K->340250K(1022400K), 0.0542580 secs] [Times: user=0.19 sys=0.00, real=0.05 secs] 
45.438: [CMS-concurrent-sweep: 0.402/0.458 secs] [Times: user=1.17 sys=0.08, real=0.46 secs] 
45.438: [CMS-concurrent-reset-start]
45.441: [CMS-concurrent-reset: 0.003/0.003 secs] [Times: user=0.00 sys=0.00, real=0.00 secs] 
45.717: [GC 45.717: [ParNew: 235967K->25975K(235968K), 0.0557666 secs] 427832K->238946K(1022400K), 0.0558294 secs] [Times: user=0.17 sys=0.00, real=0.06 secs] 
46.256: [GC 46.256: [ParNew: 235767K->26176K(235968K), 0.0528039 secs] 448738K->259808K(1022400K), 0.0528725 secs] [Times: user=0.20 sys=0.00, real=0.05 secs] 
46.779: [GC 46.779: [ParNew: 235967K->26176K(235968K), 0.0552551 secs] 469599K->281408K(1022400K), 0.0553479 secs] [Times: user=0.20 sys=0.00, real=0.06 secs] 
47.351: [GC 47.351: [ParNew: 235968K->26176K(235968K), 0.0553947 secs] 491200K->303356K(1022400K), 0.0554641 secs] [Times: user=0.14 sys=0.02, real=0.05 secs] 
47.929: [GC 47.929: [ParNew: 235968K->26176K(235968K), 0.0695806 secs] 513148K->326005K(1022400K), 0.0696479 secs] [Times: user=0.17 sys=0.00, real=0.07 secs] 
48.573: [GC 48.573: [ParNew: 235968K->26176K(235968K), 0.0693610 secs] 535797K->356442K(1022400K), 0.0694263 secs] [Times: user=0.23 sys=0.00, real=0.07 secs] 
49.139: [GC 49.139: [ParNew: 235968K->26176K(235968K), 0.0674348 secs] 566234K->379065K(1022400K), 0.0675009 secs] [Times: user=0.19 sys=0.00, real=0.07 secs] 
49.711: [GC 49.711: [ParNew: 235968K->26176K(235968K), 0.0650119 secs] 588857K->401570K(1022400K), 0.0651597 secs] [Times: user=0.19 sys=0.00, real=0.07 secs] 
50.274: [GC 50.274: [ParNew: 235968K->26176K(235968K), 0.0698819 secs] 611362K->427427K(1022400K), 0.0699505 secs] [Times: user=0.20 sys=0.00, real=0.07 secs] 
50.933: [GC 50.933: [ParNew: 235968K->26176K(235968K), 0.0782225 secs] 637219K->453602K(1022400K), 0.0782894 secs] [Times: user=0.16 sys=0.00, real=0.08 secs] 
51.552: [GC 51.552: [ParNew: 235968K->26176K(235968K), 0.0759819 secs] 663394K->478163K(1022400K), 0.0760644 secs] [Times: user=0.12 sys=0.02, real=0.08 secs] 
52.164: [GC 52.164: [ParNew: 235968K->26176K(235968K), 0.0710577 secs] 687955K->504213K(1022400K), 0.0711217 secs] [Times: user=0.19 sys=0.00, real=0.07 secs] 
52.741: [GC 52.741: [ParNew: 235968K->26176K(235968K), 0.0628198 secs] 714005K->526221K(1022400K), 0.0628859 secs] [Times: user=0.19 sys=0.02, real=0.06 secs] 
53.307: [GC 53.307: [ParNew: 235968K->26176K(235968K), 0.0705962 secs] 736013K->558361K(1022400K), 0.0706734 secs] [Times: user=0.25 sys=0.00, real=0.07 secs] 
53.884: [GC 53.884: [ParNew: 235968K->26176K(235968K), 0.0529554 secs] 768153K->575628K(1022400K), 0.0530207 secs] [Times: user=0.22 sys=0.00, real=0.05 secs] 
54.433: [GC 54.433: [ParNew: 235968K->26176K(235968K), 0.0653157 secs] 785420K->600121K(1022400K), 0.0653806 secs] [Times: user=0.20 sys=0.00, real=0.07 secs] 
55.014: [GC 55.014: [ParNew: 235968K->26176K(235968K), 0.0795164 secs] 809913K->631379K(1022400K), 0.0795854 secs] [Times: user=0.16 sys=0.03, real=0.08 secs] 
55.588: [GC 55.588: [ParNew: 235968K->26176K(235968K), 0.0705219 secs] 841171K->651481K(1022400K), 0.0705946 secs] [Times: user=0.14 sys=0.03, real=0.07 secs] 
56.158: [GC 56.158: [ParNew: 235968K->26176K(235968K), 0.0684739 secs] 861273K->675253K(1022400K), 0.0685404 secs] [Times: user=0.19 sys=0.00, real=0.07 secs] 
56.753: [GC 56.753: [ParNew: 235968K->26176K(235968K), 0.0662583 secs] 885045K->698665K(1022400K), 0.0663149 secs] [Times: user=0.25 sys=0.00, real=0.07 secs] 
56.820: [GC [1 CMS-initial-mark: 672489K(786432K)] 698665K(1022400K), 0.0296568 secs] [Times: user=0.03 sys=0.00, real=0.03 secs] 
56.849: [CMS-concurrent-mark-start]
57.446: [GC 57.446: [ParNew: 235968K->26176K(235968K), 0.0773275 secs] 908457K->726097K(1022400K), 0.0774129 secs] [Times: user=0.27 sys=0.00, real=0.08 secs] 
58.095: [CMS-concurrent-mark: 1.165/1.246 secs] [Times: user=2.73 sys=0.05, real=1.25 secs] 
58.095: [CMS-concurrent-preclean-start]
58.103: [CMS-concurrent-preclean: 0.008/0.008 secs] [Times: user=0.05 sys=0.00, real=0.01 secs] 
58.104: [CMS-concurrent-abortable-preclean-start]
58.163: [GC 58.163: [ParNew: 235968K->26176K(235968K), 0.0662041 secs] 935889K->747699K(1022400K), 0.0662694 secs] [Times: user=0.25 sys=0.00, real=0.07 secs] 
58.669: [CMS-concurrent-abortable-preclean: 0.300/0.566 secs] [Times: user=1.08 sys=0.01, real=0.57 secs] 
58.670: [GC[YG occupancy: 197769 K (235968 K)]58.672: [Rescan (parallel) , 0.0450742 secs]58.717: [weak refs processing, 0.0000562 secs] [1 CMS-remark: 721523K(786432K)] 919292K(1022400K), 0.0452430 secs] [Times: user=0.19 sys=0.00, real=0.05 secs] 
58.717: [CMS-concurrent-sweep-start]
58.839: [GC 58.839: [ParNew: 235968K->26176K(235968K), 0.0710146 secs] 949170K->763721K(1022400K), 0.0710667 secs] [Times: user=0.26 sys=0.00, real=0.07 secs] 
59.079: [CMS-concurrent-sweep: 0.291/0.362 secs] [Times: user=0.83 sys=0.00, real=0.36 secs] 
59.079: [CMS-concurrent-reset-start]
59.082: [CMS-concurrent-reset: 0.003/0.003 secs] [Times: user=0.03 sys=0.00, real=0.00 secs] 
59.441: [GC 59.441: [ParNew: 235968K->26176K(235968K), 0.0902068 secs] 962353K->778931K(1022400K), 0.0902967 secs] [Times: user=0.19 sys=0.00, real=0.09 secs] 
59.531: [GC [1 CMS-initial-mark: 752755K(786432K)] 783322K(1022400K), 0.0240626 secs] [Times: user=0.03 sys=0.00, real=0.02 secs] 
59.556: [CMS-concurrent-mark-start]
60.176: [GC 60.176: [ParNew: 235968K->26176K(235968K), 0.0710191 secs] 988723K->802213K(1022400K), 0.0710872 secs] [Times: user=0.23 sys=0.00, real=0.07 secs] 
60.870: [GC 60.870: [ParNew: 235968K->235968K(235968K), 0.0000103 secs]60.870: [CMS60.975: [CMS-concurrent-mark: 1.344/1.419 secs] [Times: user=3.00 sys=0.13, real=1.42 secs] 
 (concurrent mode failure): 776037K->786432K(786432K), 2.4631684 secs] 1012005K->821226K(1022400K), [CMS Perm : 90014K->89842K(262144K)], 2.4632956 secs] [Times: user=2.45 sys=0.00, real=2.46 secs] 
63.887: [Full GC 63.887: [CMS: 786432K->786431K(786432K), 2.3486293 secs] 1022399K->845196K(1022400K), [CMS Perm : 90086K->90086K(262144K)], 2.3487024 secs] [Times: user=2.33 sys=0.00, real=2.35 secs] 
66.236: [GC [1 CMS-initial-mark: 786431K(786432K)] 936655K(1022400K), 0.0560790 secs] [Times: user=0.06 sys=0.00, real=0.06 secs] 
66.292: [CMS-concurrent-mark-start]
66.564: [Full GC 66.564: [CMS67.464: [CMS-concurrent-mark: 1.172/1.172 secs] [Times: user=1.58 sys=0.05, real=1.17 secs] 
 (concurrent mode failure): 786431K->786431K(786432K), 3.2465511 secs] 1022397K->855149K(1022400K), [CMS Perm : 90112K->90112K(262144K)], 3.2466254 secs] [Times: user=3.24 sys=0.00, real=3.25 secs] 
70.013: [Full GC 70.013: [CMS: 786431K->786431K(786432K), 1.9701088 secs] 1022399K->863384K(1022400K), [CMS Perm : 90112K->90112K(262144K)], 1.9702139 secs] [Times: user=1.97 sys=0.00, real=1.97 secs] 
71.983: [GC [1 CMS-initial-mark: 786431K(786432K)] 944077K(1022400K), 0.0719239 secs] [Times: user=0.06 sys=0.00, real=0.07 secs] 
72.055: [CMS-concurrent-mark-start]
72.313: [Full GC 72.313: [CMS73.215: [CMS-concurrent-mark: 1.159/1.159 secs] [Times: user=1.56 sys=0.05, real=1.16 secs] 
 (concurrent mode failure): 786431K->786431K(786432K), 3.2341711 secs] 1022398K->870494K(1022400K), [CMS Perm : 90112K->90112K(262144K)], 3.2342421 secs] [Times: user=3.23 sys=0.00, real=3.23 secs] 
75.732: [Full GC 75.732: [CMS: 786431K->786431K(786432K), 2.1822108 secs] 1022399K->879073K(1022400K), [CMS Perm : 90112K->90112K(262144K)], 2.1822888 secs] [Times: user=2.18 sys=0.00, real=2.18 secs] 
77.915: [GC [1 CMS-initial-mark: 786431K(786432K)] 926694K(1022400K), 0.0837136 secs] [Times: user=0.08 sys=0.00, real=0.08 secs] 
77.998: [CMS-concurrent-mark-start]
78.180: [Full GC 78.180: [CMS79.152: [CMS-concurrent-mark: 1.153/1.153 secs] [Times: user=1.48 sys=0.02, real=1.15 secs] 
 (concurrent mode failure): 786431K->786431K(786432K), 3.2538112 secs] 1022399K->886198K(1022400K), [CMS Perm : 90112K->90112K(262144K)], 3.2538846 secs] [Times: user=3.24 sys=0.00, real=3.25 secs] 
81.603: [Full GC 81.603: [CMS: 786431K->786431K(786432K), 1.9900272 secs] 1022399K->889145K(1022400K), [CMS Perm : 90112K->90112K(262144K)], 1.9901085 secs] [Times: user=1.98 sys=0.00, real=1.99 secs] 
83.594: [GC [1 CMS-initial-mark: 786431K(786432K)] 889146K(1022400K), 0.0953009 secs] [Times: user=0.09 sys=0.00, real=0.10 secs] 
83.689: [CMS-concurrent-mark-start]
83.795: [Full GC 83.796: [CMS84.814: [CMS-concurrent-mark: 1.124/1.124 secs] [Times: user=1.29 sys=0.00, real=1.12 secs] 
 (concurrent mode failure): 786431K->786431K(786432K), 3.4077265 secs] 1022399K->891941K(1022400K), [CMS Perm : 90112K->90112K(262144K)], 3.4077995 secs] [Times: user=3.39 sys=0.00, real=3.41 secs] 
87.341: [Full GC 87.341: [CMS: 786431K->786431K(786432K), 1.9714952 secs] 1022399K->895690K(1022400K), [CMS Perm : 90112K->90112K(262144K)], 1.9715678 secs] [Times: user=1.98 sys=0.00, real=1.97 secs] 
89.315: [GC [1 CMS-initial-mark: 786431K(786432K)] 985287K(1022400K), 0.1015424 secs] [Times: user=0.09 sys=0.00, real=0.10 secs] 
89.417: [CMS-concurrent-mark-start]
89.590: [Full GC 89.590: [CMS90.570: [CMS-concurrent-mark: 1.153/1.153 secs] [Times: user=1.47 sys=0.00, real=1.15 secs] 
 (concurrent mode failure): 786431K->786431K(786432K), 2.9986605 secs] 1022399K->902132K(1022400K), [CMS Perm : 90112K->90112K(262144K)], 2.9987364 secs] [Times: user=3.01 sys=0.00, real=3.00 secs] 
92.769: [Full GC 92.769: [CMS: 786431K->786431K(786432K), 2.2192331 secs] 1022399K->906523K(1022400K), [CMS Perm : 90112K->90112K(262144K)], 2.2193037 secs] [Times: user=2.21 sys=0.00, real=2.22 secs] 
94.988: [GC [1 CMS-initial-mark: 786431K(786432K)] 961178K(1022400K), 0.1083875 secs] [Times: user=0.11 sys=0.00, real=0.11 secs] 
95.097: [CMS-concurrent-mark-start]
95.269: [Full GC 95.269: [CMS96.241: [CMS-concurrent-mark: 1.144/1.144 secs] [Times: user=1.40 sys=0.05, real=1.14 secs] 
 (concurrent mode failure): 786431K->786431K(786432K), 3.0050075 secs] 1022399K->913200K(1022400K), [CMS Perm : 90112K->90112K(262144K)], 3.0050765 secs] [Times: user=3.00 sys=0.00, real=3.00 secs] 
98.342: [Full GC 98.342: [CMS: 786431K->786431K(786432K), 2.0051664 secs] 1022399K->917847K(1022400K), [CMS Perm : 90112K->90112K(262144K)], 2.0052436 secs] [Times: user=2.01 sys=0.00, real=2.01 secs] 
100.348: [GC [1 CMS-initial-mark: 786431K(786432K)] 917848K(1022400K), 0.1216366 secs] [Times: user=0.13 sys=0.00, real=0.12 secs] 
100.470: [CMS-concurrent-mark-start]
100.640: [Full GC 100.640: [CMS101.672: [CMS-concurrent-mark: 1.202/1.202 secs] [Times: user=1.54 sys=0.00, real=1.20 secs] 
 (concurrent mode failure): 786431K->786431K(786432K), 3.5483799 secs] 1022398K->920358K(1022400K), [CMS Perm : 90113K->90112K(262144K)], 3.5484551 secs] [Times: user=3.54 sys=0.00, real=3.55 secs] 
104.341: [Full GC 104.341: [CMS: 786431K->786431K(786432K), 2.6676297 secs] 1022389K->917511K(1022400K), [CMS Perm : 90112K->88865K(262144K)], 2.6677094 secs] [Times: user=2.65 sys=0.00, real=2.67 secs] 
107.009: [GC [1 CMS-initial-mark: 786431K(786432K)] 917585K(1022400K), 0.1193229 secs] [Times: user=0.13 sys=0.00, real=0.12 secs] 
107.129: [CMS-concurrent-mark-start]
107.281: [Full GC 107.281: [CMS108.331: [CMS-concurrent-mark: 1.202/1.202 secs] [Times: user=1.40 sys=0.03, real=1.20 secs] 
 (concurrent mode failure): 786431K->786431K(786432K), 3.5701116 secs] 1022399K->922926K(1022400K), [CMS Perm : 88865K->88865K(262144K)], 3.5701822 secs] [Times: user=3.52 sys=0.00, real=3.57 secs] 
110.996: [Full GC 110.996: [CMS